[24-Jun-2025 13:03:57 Europe/Berlin] PHP Fatal error:  Uncaught Error: Call to undefined function sendWhatsAppMsg() in C:\xampp\htdocs\chovdv-owner\controller\scripts\owner\upgradeplan\insert_payment_upgrade.php:148
Stack trace:
#0 {main}
  thrown in C:\xampp\htdocs\chovdv-owner\controller\scripts\owner\upgradeplan\insert_payment_upgrade.php on line 148
[24-Jun-2025 18:36:19 Europe/Berlin] PHP Warning:  Undefined variable $paidPerStudent in C:\xampp\htdocs\chovdv-owner\controller\scripts\owner\upgradeplan\get_plan_payment_status.php on line 113
[24-Jun-2025 18:36:19 Europe/Berlin] PHP Warning:  Undefined variable $paidPerStudent in C:\xampp\htdocs\chovdv-owner\controller\scripts\owner\upgradeplan\get_plan_payment_status.php on line 121
[24-Jun-2025 18:36:20 Europe/Berlin] PHP Warning:  Undefined variable $paidPerStudent in C:\xampp\htdocs\chovdv-owner\controller\scripts\owner\upgradeplan\get_plan_payment_status.php on line 113
[24-Jun-2025 18:36:20 Europe/Berlin] PHP Warning:  Undefined variable $paidPerStudent in C:\xampp\htdocs\chovdv-owner\controller\scripts\owner\upgradeplan\get_plan_payment_status.php on line 121
[24-Jun-2025 18:36:47 Europe/Berlin] PHP Fatal error:  Uncaught DivisionByZeroError: Division by zero in C:\xampp\htdocs\chovdv-owner\controller\scripts\owner\upgradeplan\get_plan_payment_status.php:108
Stack trace:
#0 {main}
  thrown in C:\xampp\htdocs\chovdv-owner\controller\scripts\owner\upgradeplan\get_plan_payment_status.php on line 108
[24-Jun-2025 18:37:20 Europe/Berlin] PHP Warning:  Undefined variable $paidPerStudent in C:\xampp\htdocs\chovdv-owner\controller\scripts\owner\upgradeplan\get_plan_payment_status.php on line 113
[24-Jun-2025 18:37:20 Europe/Berlin] PHP Warning:  Undefined variable $paidPerStudent in C:\xampp\htdocs\chovdv-owner\controller\scripts\owner\upgradeplan\get_plan_payment_status.php on line 121
[29-Jun-2025 03:25:40 Europe/Berlin] PHP Fatal error:  Uncaught Error: mysqli_stmt_bind_param(): Argument #8 cannot be passed by reference in C:\xampp\htdocs\chovdv-owner\controller\scripts\owner\upgradeplan\insert_payment_upgrade.php:218
Stack trace:
#0 {main}
  thrown in C:\xampp\htdocs\chovdv-owner\controller\scripts\owner\upgradeplan\insert_payment_upgrade.php on line 218
[29-Jun-2025 03:26:21 Europe/Berlin] PHP Fatal error:  Uncaught Error: mysqli_stmt_bind_param(): Argument #8 cannot be passed by reference in C:\xampp\htdocs\chovdv-owner\controller\scripts\owner\upgradeplan\insert_payment_upgrade.php:221
Stack trace:
#0 {main}
  thrown in C:\xampp\htdocs\chovdv-owner\controller\scripts\owner\upgradeplan\insert_payment_upgrade.php on line 221
